{
  "user_name": "octocat",
  "display_name": "The Octocat",
  "avatar": "https://avatars3.githubusercontent.com/u/583231?v=4",
  "geo_location": "San Francisco",
  "email": null,
  "url": "https://github.com/octocat ",
  "created_at": "2011-01-25 18:44:36",
  "repos": [
    {
      "name": "boysenberry-repo-1",
      "url": "https://github.com/octocat/boysenberry-repo-1"
    }
  ]
}